
R version 3.2.3 (2015-12-10) -- "Wooden Christmas-Tree"
Copyright (C) 2015 The R Foundation for Statistical Computing
Platform: x86_64-pc-linux-gnu (64-bit)

R is free software and comes with ABSOLUTELY NO WARRANTY.
You are welcome to redistribute it under certain conditions.
Type 'license()' or 'licence()' for distribution details.

  Natural language support but running in an English locale

R is a collaborative project with many contributors.
Type 'contributors()' for more information and
'citation()' on how to cite R or R packages in publications.

Type 'demo()' for some demos, 'help()' for on-line help, or
'help.start()' for an HTML browser interface to help.
Type 'q()' to quit R.

[Previously saved workspace restored]

> require(ranger)
Loading required package: ranger
> require(data.table)
Loading required package: data.table
> dataselectmerge<-fread("/home/team3/datarecessive.csv",header=T,sep=",")

Read 0.0% of 2062 rows
Read 2062 rows and 433190 (of 433190) columns from 1.670 GB file in 00:03:30
> datafirst9<-fread("/home/team3/datafirst9.csv",header=T,sep=",")
> 
> a<-which(names(dataselectmerge)=="Affection1")
> dataselectmerge<-subset(dataselectmerge,select=-a)
> dim(dataselectmerge)
[1]   2062 433189
> dataselectmerge<-dataselectmerge[,-1]
> sel<-cbind(datafirst9,dataselectmerge)
> sel[is.na(sel)] <- "?_?"
> 
> sel[] <- lapply( sel, factor) # the "[]" keeps the dataframe structure
> col_names <- names(sel)
> colnames(sel)[1] <- "Affection"
> 
> 
> rf=ranger(data=sel,num.trees = 5000,mtry=5000,importance="impurity",write.forest=TRUE,probability=FALSE,min.node.size=1,replace=F,dependent.variable.name="Affection")
Growing trees.. Progress: 1%. Estimated remaining time: 44 minutes, 48 seconds.
Growing trees.. Progress: 2%. Estimated remaining time: 43 minutes, 22 seconds.
Growing trees.. Progress: 4%. Estimated remaining time: 41 minutes, 40 seconds.
Growing trees.. Progress: 5%. Estimated remaining time: 41 minutes, 15 seconds.
Growing trees.. Progress: 6%. Estimated remaining time: 40 minutes, 39 seconds.
Growing trees.. Progress: 7%. Estimated remaining time: 40 minutes, 4 seconds.
Growing trees.. Progress: 9%. Estimated remaining time: 39 minutes, 42 seconds.
Growing trees.. Progress: 10%. Estimated remaining time: 39 minutes, 3 seconds.
Growing trees.. Progress: 11%. Estimated remaining time: 38 minutes, 21 seconds.
Growing trees.. Progress: 12%. Estimated remaining time: 38 minutes, 1 seconds.
Growing trees.. Progress: 13%. Estimated remaining time: 37 minutes, 29 seconds.
Growing trees.. Progress: 15%. Estimated remaining time: 37 minutes, 2 seconds.
Growing trees.. Progress: 16%. Estimated remaining time: 36 minutes, 26 seconds.
Growing trees.. Progress: 17%. Estimated remaining time: 35 minutes, 58 seconds.
Growing trees.. Progress: 18%. Estimated remaining time: 35 minutes, 26 seconds.
Growing trees.. Progress: 20%. Estimated remaining time: 34 minutes, 50 seconds.
Growing trees.. Progress: 21%. Estimated remaining time: 34 minutes, 14 seconds.
Growing trees.. Progress: 22%. Estimated remaining time: 33 minutes, 40 seconds.
Growing trees.. Progress: 23%. Estimated remaining time: 33 minutes, 8 seconds.
Growing trees.. Progress: 24%. Estimated remaining time: 32 minutes, 34 seconds.
Growing trees.. Progress: 26%. Estimated remaining time: 32 minutes, 3 seconds.
Growing trees.. Progress: 27%. Estimated remaining time: 31 minutes, 28 seconds.
Growing trees.. Progress: 28%. Estimated remaining time: 30 minutes, 56 seconds.
Growing trees.. Progress: 29%. Estimated remaining time: 30 minutes, 25 seconds.
Growing trees.. Progress: 31%. Estimated remaining time: 29 minutes, 53 seconds.
Growing trees.. Progress: 32%. Estimated remaining time: 29 minutes, 22 seconds.
Growing trees.. Progress: 33%. Estimated remaining time: 28 minutes, 45 seconds.
Growing trees.. Progress: 34%. Estimated remaining time: 28 minutes, 15 seconds.
Growing trees.. Progress: 36%. Estimated remaining time: 27 minutes, 43 seconds.
Growing trees.. Progress: 37%. Estimated remaining time: 27 minutes, 11 seconds.
Growing trees.. Progress: 38%. Estimated remaining time: 26 minutes, 37 seconds.
Growing trees.. Progress: 39%. Estimated remaining time: 26 minutes, 5 seconds.
Growing trees.. Progress: 40%. Estimated remaining time: 25 minutes, 33 seconds.
Growing trees.. Progress: 42%. Estimated remaining time: 25 minutes, 1 seconds.
Growing trees.. Progress: 43%. Estimated remaining time: 24 minutes, 30 seconds.
Growing trees.. Progress: 44%. Estimated remaining time: 23 minutes, 57 seconds.
Growing trees.. Progress: 45%. Estimated remaining time: 23 minutes, 24 seconds.
Growing trees.. Progress: 47%. Estimated remaining time: 22 minutes, 51 seconds.
Growing trees.. Progress: 48%. Estimated remaining time: 22 minutes, 21 seconds.
Growing trees.. Progress: 49%. Estimated remaining time: 21 minutes, 47 seconds.
Growing trees.. Progress: 50%. Estimated remaining time: 21 minutes, 14 seconds.
Growing trees.. Progress: 52%. Estimated remaining time: 20 minutes, 42 seconds.
Growing trees.. Progress: 53%. Estimated remaining time: 20 minutes, 10 seconds.
Growing trees.. Progress: 54%. Estimated remaining time: 19 minutes, 37 seconds.
Growing trees.. Progress: 55%. Estimated remaining time: 19 minutes, 5 seconds.
Growing trees.. Progress: 57%. Estimated remaining time: 18 minutes, 33 seconds.
Growing trees.. Progress: 58%. Estimated remaining time: 18 minutes, 1 seconds.
Growing trees.. Progress: 59%. Estimated remaining time: 17 minutes, 29 seconds.
Growing trees.. Progress: 60%. Estimated remaining time: 16 minutes, 57 seconds.
Growing trees.. Progress: 62%. Estimated remaining time: 16 minutes, 24 seconds.
Growing trees.. Progress: 63%. Estimated remaining time: 15 minutes, 53 seconds.
Growing trees.. Progress: 64%. Estimated remaining time: 15 minutes, 23 seconds.
Growing trees.. Progress: 65%. Estimated remaining time: 14 minutes, 50 seconds.
Growing trees.. Progress: 66%. Estimated remaining time: 14 minutes, 19 seconds.
Growing trees.. Progress: 68%. Estimated remaining time: 13 minutes, 48 seconds.
Growing trees.. Progress: 69%. Estimated remaining time: 13 minutes, 17 seconds.
Growing trees.. Progress: 70%. Estimated remaining time: 12 minutes, 45 seconds.
Growing trees.. Progress: 71%. Estimated remaining time: 12 minutes, 12 seconds.
Growing trees.. Progress: 73%. Estimated remaining time: 11 minutes, 41 seconds.
Growing trees.. Progress: 74%. Estimated remaining time: 11 minutes, 9 seconds.
Growing trees.. Progress: 75%. Estimated remaining time: 10 minutes, 38 seconds.
Growing trees.. Progress: 76%. Estimated remaining time: 10 minutes, 6 seconds.
Growing trees.. Progress: 78%. Estimated remaining time: 9 minutes, 32 seconds.
Growing trees.. Progress: 79%. Estimated remaining time: 9 minutes, 1 seconds.
Growing trees.. Progress: 80%. Estimated remaining time: 8 minutes, 31 seconds.
Growing trees.. Progress: 81%. Estimated remaining time: 7 minutes, 59 seconds.
Growing trees.. Progress: 83%. Estimated remaining time: 7 minutes, 27 seconds.
Growing trees.. Progress: 84%. Estimated remaining time: 6 minutes, 55 seconds.
Growing trees.. Progress: 85%. Estimated remaining time: 6 minutes, 23 seconds.
Growing trees.. Progress: 86%. Estimated remaining time: 5 minutes, 52 seconds.
Growing trees.. Progress: 87%. Estimated remaining time: 5 minutes, 20 seconds.
Growing trees.. Progress: 89%. Estimated remaining time: 4 minutes, 48 seconds.
Growing trees.. Progress: 90%. Estimated remaining time: 4 minutes, 18 seconds.
Growing trees.. Progress: 91%. Estimated remaining time: 3 minutes, 46 seconds.
Growing trees.. Progress: 92%. Estimated remaining time: 3 minutes, 14 seconds.
Growing trees.. Progress: 94%. Estimated remaining time: 2 minutes, 43 seconds.
Growing trees.. Progress: 95%. Estimated remaining time: 2 minutes, 11 seconds.
Growing trees.. Progress: 96%. Estimated remaining time: 1 minute, 39 seconds.
Growing trees.. Progress: 97%. Estimated remaining time: 1 minute, 7 seconds.
Growing trees.. Progress: 99%. Estimated remaining time: 37 seconds.
Growing trees.. Progress: 100%. Estimated remaining time: 8 seconds.
Growing trees.. Progress: 100%. Estimated remaining time: 0 seconds.
> rf
Ranger result

Call:
 ranger(data = sel, num.trees = 5000, mtry = 5000, importance = "impurity",      write.forest = TRUE, probability = FALSE, min.node.size = 1,      replace = F, dependent.variable.name = "Affection") 

Type:                             Classification 
Number of trees:                  5000 
Sample size:                      2062 
Number of independent variables:  433188 
Mtry:                             5000 
Target node size:                 1 
Variable importance mode:         impurity 
OOB prediction error:             24.68 % 
> rf$confusion.matrix
    predicted
true    0    1
   0 1054  140
   1  369  499
> rf$prediction.error
[1] 0.2468477
> 
> #selectfinalvars----------------------------------------------
> rn<-round(rf$variable.importance,2)
> dim(rn)
NULL
> str(rn)
 Named num [1:433188] 3.09 0 0 0 0 0 0 0 0 0 ...
 - attr(*, "names")= chr [1:433188] "V1" "rs6774037" "rs3775003" "rs11079690" ...
> rn<-data.frame(as.list(rn))
> rn.ranger=sort(rn, decreasing=T)[1:10000]
> str(rn.ranger)
'data.frame':	1 obs. of  10000 variables:
 $ rs2395175  : num 7.98
 $ rs3763309  : num 5.3
 $ rs477515   : num 3.31
 $ V1         : num 3.09
 $ rs2395185  : num 2.98
 $ MitoG1440A : num 2.52
 $ rs9275374  : num 2.49
 $ rs9275393  : num 2.44
 $ rs9275427  : num 2.41
 $ rs9275406  : num 2.41
 $ rs3817973  : num 2.27
 $ rs9275425  : num 2.18
 $ rs660895   : num 1.84
 $ rs7745656  : num 1.71
 $ rs3129871  : num 1.61
 $ rs9268615  : num 1.61
 $ rs2856717  : num 1.47
 $ rs2647012  : num 1.43
 $ rs2395163  : num 1.36
 $ rs2395173  : num 1.36
 $ rs9275572  : num 1.33
 $ rs3806156  : num 1.32
 $ rs7192     : num 1.21
 $ rs6910071  : num 1.19
 $ rs6932542  : num 1.14
 $ rs547261   : num 1.12
 $ rs2076530  : num 1.09
 $ rs532098   : num 1.08
 $ rs9267911  : num 1.06
 $ rs9268832  : num 1.05
 $ rs4424066  : num 1.03
 $ rs3916765  : num 1.02
 $ rs3129941  : num 1.02
 $ rs2516049  : num 1.01
 $ rs412657   : num 0.99
 $ rs3819721  : num 0.94
 $ rs910049   : num 0.93
 $ rs2070600  : num 0.92
 $ rs5000634  : num 0.88
 $ rs3129763  : num 0.88
 $ rs2858305  : num 0.85
 $ rs9275390  : num 0.82
 $ rs2856725  : num 0.8
 $ rs9275418  : num 0.78
 $ MitoG752A  : num 0.78
 $ rs9268528  : num 0.75
 $ rs9275428  : num 0.74
 $ rs9275424  : num 0.74
 $ rs9275439  : num 0.73
 $ rs3873444  : num 0.73
 $ rs9268542  : num 0.7
 $ rs3129882  : num 0.69
 $ rs7765379  : num 0.65
 $ rs2858308  : num 0.64
 $ rs2856705  : num 0.63
 $ rs547077   : num 0.6
 $ rs9275595  : num 0.59
 $ rs9368713  : num 0.56
 $ rs2074488  : num 0.56
 $ rs9268132  : num 0.55
 $ rs9405090  : num 0.55
 $ rs9268368  : num 0.54
 $ rs485774   : num 0.51
 $ rs6903608  : num 0.51
 $ rs9501626  : num 0.49
 $ rs9268384  : num 0.48
 $ rs3817963  : num 0.48
 $ rs2239689  : num 0.47
 $ rs3130320  : num 0.44
 $ rs1265758  : num 0.4
 $ rs382259   : num 0.38
 $ rs2849015  : num 0.36
 $ rs2071295  : num 0.36
 $ rs375244   : num 0.34
 $ rs3117099  : num 0.34
 $ rs3129934  : num 0.32
 $ rs404890   : num 0.32
 $ rs10484565 : num 0.32
 $ rs10947262 : num 0.29
 $ rs7745906  : num 0.28
 $ rs3830076  : num 0.28
 $ rs2269475  : num 0.28
 $ rs9461680  : num 0.27
 $ rs9261535  : num 0.27
 $ rs3129860  : num 0.27
 $ rs9275601  : num 0.27
 $ rs3104404  : num 0.26
 $ rs10484560 : num 0.26
 $ rs9267873  : num 0.25
 $ rs2280800  : num 0.25
 $ rs3117098  : num 0.24
 $ rs9275698  : num 0.24
 $ rs2269425  : num 0.24
 $ rs2075800  : num 0.23
 $ rs3130315  : num 0.23
 $ rs1266071  : num 0.23
 $ rs707939   : num 0.23
 $ rs8111     : num 0.22
 $ rs9275141  : num 0.22
  [list output truncated]
> dim(rn.ranger)
[1]     1 10000
> names.sel=names(rn.ranger)
> selectranger<-subset(dataselectmerge,select=c(which(names(dataselectmerge) %in% names.sel)))
> 
> dim(dataselectmerge)
[1]   2062 433188
> dim(selectranger)
[1]  2062 10000
> write.csv(rn.ranger,"rnranger.csv")
> write.csv(names.sel,"namesel.csv")
> write.csv(selectranger,"selectranger.csv")
> 
> proc.time()
      user     system    elapsed 
142625.247   2561.969 127500.979 

